
> frontend@0.1.0 build
> next build

▲ Next.js 16.3.5 (Turbopack)
✓ Running next.config.ts took 37ms

  Creating an optimized production build ...
✓ Compiled successfully in 798ms
  Running TypeScript ...
  Finished TypeScript in 1603ms ...
  Collecting page data using 8 workers ...
  Generating static pages using 8 workers (0/5) ...
  Generating static pages using 8 workers (1/5) 
  Generating static pages using 8 workers (2/5) 
  Generating static pages using 8 workers (3/5) 
✓ Generating static pages using 8 workers (5/5) in 558ms
  Finalizing page optimization ...

Route (app)
┌ ƒ /
├ ƒ /_not-found
├ ƒ /host/properties
├ ƒ /host/properties/[propertyId]/edit
├ ƒ /host/properties/[propertyId]/room-types
└ ƒ /host/properties/new


ƒ Proxy (Middleware)

ƒ  (Dynamic)  server-rendered on demand

